"Closing vertex: "0
"Closing vertex: "1
"Closing vertex: "2
"Closing vertex: "3
"Closing vertex: "4
"Closing vertex: "5
"Closing vertex: "6
"Closing vertex: "7
"Closing vertex: "8
"Closing vertex: "9
"Closing vertex: "19
"Closing vertex: "18
"Closing vertex: "17
"Closing vertex: "16
"Closing vertex: "15
"Closing vertex: "14
"Closing vertex: "13
"Closing vertex: "12
"Closing vertex: "11
"Closing vertex: "10
