   0 1 2 3 4 5 6 7 8 
0 |0 1 0 0 0 0 0 1 0 
1 |1 0 1 0 0 0 0 1 0 
2 |0 1 0 1 0 1 0 0 1 
3 |0 0 1 0 1 1 0 0 0 
4 |0 0 0 1 0 1 0 0 0 
5 |0 0 1 1 1 0 1 0 0 
6 |0 0 0 0 0 1 0 1 1 
7 |1 1 0 0 0 0 1 0 1 
8 |0 0 1 0 0 0 1 1 0 

0 | 0 NULL 
1 | 0 1 NULL 
2 | 0 1 2 NULL 
3 | 0 1 2 3 NULL 
4 | 0 7 6 5 4 NULL 
5 | 0 7 6 5 NULL 
6 | 0 7 6 NULL 
7 | 0 7 NULL 
8 | 0 1 2 8 NULL 

4 | 0 7 6 5 4 NULL 

0 | 0
1 | 4
2 | 12
3 | 19
4 | 21
5 | 11
6 | 9
7 | 8
8 | 14

4 | 21
