  0 1 2 3 4 5 
0|0 1 0 0 1 0 
1|1 0 1 1 1 1 
2|0 1 0 1 1 0 
3|0 1 1 0 1 1 
4|1 1 1 1 0 1 
5|0 1 0 1 1 0 

colorable : 6
colorable : 5
colorable : 4
non-colorable : 3
