 0  1  2  3  4 
0 |0 1 0 0 1 
1 |0 0 1 1 0 
2 |1 0 0 0 0 
3 |1 0 1 0 0 
4 |0 1 0 0 0 
------ <-> -----------
0 <-> 1
0.1
0 <-> 2
2
0 <-> 3
3
0 <-> 4
0.4

1 <-> 0
0.1
1 <-> 2
1.2
1 <-> 3
1.3
1 <-> 4
4.1

2 <-> 0
2
2 <-> 1
1.2
2 <-> 3
3.2

3 <-> 0
3
3 <-> 1
1.3
3 <-> 2
3.2

4 <-> 0
0.4
4 <-> 1
4.1

------ -> -----------
0 -> 1
0.1
0 -> 4
0.4

1 -> 2
1.2
1 -> 3
1.3

2 -> 0
2

3 -> 0
3
3 -> 2
3.2

4 -> 1
4.1

------ <-> all -----------
 0 <-> All
3
0.1
2
0.4

 1 <-> All
0.1
1.3
4.1
1.2

 2 <-> All
3.2
2
1.2

 3 <-> All
3
1.3
3.2

 4 <-> All
0.4
4.1

------ -> all-----------
 0 -> All
0.1
0.4

 1 -> All
1.3
1.2

 2 -> All
2

 3 -> All
3
3.2

 4 -> All
4.1

------  <- all-----------
0 <- all
3
2

1 <- all
0.1
4.1

2 <- all
3.2
1.2

3 <- all
1.3

4 <- all
0.4

